20:19:48 **** Incremental Build of configuration Debug for project 7_SEGMENT ****
make -j16 all 
arm-none-eabi-gcc "../Core/Src/main.c" -mcpu=cortex-m3 -std=gnu11 -g3 -DDEBUG -DUSE_HAL_DRIVER -DSTM32F103x6 -c -I../Core/Inc -I../Drivers/STM32F1xx_HAL_Driver/Inc -I../Drivers/STM32F1xx_HAL_Driver/Inc/Legacy -I../Drivers/CMSIS/Device/ST/STM32F1xx/Include -I../Drivers/CMSIS/Include -O0 -ffunction-sections -fdata-sections -Wall -fstack-usage -MMD -MP -MF"Core/Src/main.d" -MT"Core/Src/main.o" --specs=nano.specs -mfloat-abi=soft -mthumb -o "Core/Src/main.o"
arm-none-eabi-gcc -o "7_SEGMENT.elf" @"objects.list"   -mcpu=cortex-m3 -T"D:\MCU\MCU_LAB_2\Stm32\7_SEGMENT\STM32F103C6UX_FLASH.ld" --specs=nosys.specs -Wl,-Map="7_SEGMENT.map" -Wl,--gc-sections -static --specs=nano.specs -mfloat-abi=soft -mthumb -Wl,--start-group -lc -lm -Wl,--end-group
Finished building target: 7_SEGMENT.elf
 
arm-none-eabi-size   7_SEGMENT.elf 
arm-none-eabi-objdump -h -S  7_SEGMENT.elf  > "7_SEGMENT.list"
arm-none-eabi-objcopy  -O ihex  7_SEGMENT.elf  "7_SEGMENT.hex"
   text	   data	    bss	    dec	    hex	filename
   9080	     52	   1668	  10800	   2a30	7_SEGMENT.elf
arm-none-eabi-objcopy  -O binary  7_SEGMENT.elf  "7_SEGMENT.bin"
Finished building: default.size.stdout
 
Finished building: 7_SEGMENT.hex
Finished building: 7_SEGMENT.bin
 
 
Finished building: 7_SEGMENT.list
 

20:19:48 Build Finished. 0 errors, 0 warnings. (took 658ms)

